// Jest Snapshot v1, https://goo.gl/fbAQLP

exports[`gux-button #render should render default button 1`] = `"<gux-button class=\\"hydrated\\"><!----><button type=\\"button\\" class=\\"gux-secondary\\">Button</button></gux-button>"`;

exports[`gux-button #render should render disabled default button 1`] = `"<gux-button disabled=\\"\\" class=\\"hydrated\\"><!----><button type=\\"button\\" disabled=\\"\\" class=\\"gux-secondary\\">Button</button></gux-button>"`;

exports[`gux-button #render should render disabled invalid button 1`] = `"<gux-button accent=\\"invalid\\" disabled=\\"\\" class=\\"hydrated\\"><!----><button type=\\"button\\" disabled=\\"\\" class=\\"gux-invalid\\">Invalid accent</button></gux-button>"`;

exports[`gux-button #render should render disabled primary button 1`] = `"<gux-button accent=\\"primary\\" disabled=\\"\\" class=\\"hydrated\\"><!----><button type=\\"button\\" disabled=\\"\\" class=\\"gux-primary\\">Button</button></gux-button>"`;

exports[`gux-button #render should render disabled secondary button 1`] = `"<gux-button accent=\\"secondary\\" disabled=\\"\\" class=\\"hydrated\\"><!----><button type=\\"button\\" disabled=\\"\\" class=\\"gux-secondary\\">Button</button></gux-button>"`;

exports[`gux-button #render should render disabled tertiary button 1`] = `"<gux-button accent=\\"tertiary\\" disabled=\\"\\" class=\\"hydrated\\"><!----><button type=\\"button\\" disabled=\\"\\" class=\\"gux-tertiary\\">Button</button></gux-button>"`;

exports[`gux-button #render should render invalid button 1`] = `"<gux-button accent=\\"invalid\\" class=\\"hydrated\\"><!----><button type=\\"button\\" class=\\"gux-invalid\\">Invalid accent</button></gux-button>"`;

exports[`gux-button #render should render primary button 1`] = `"<gux-button accent=\\"primary\\" class=\\"hydrated\\"><!----><button type=\\"button\\" class=\\"gux-primary\\">Button</button></gux-button>"`;

exports[`gux-button #render should render secondary button 1`] = `"<gux-button accent=\\"secondary\\" class=\\"hydrated\\"><!----><button type=\\"button\\" class=\\"gux-secondary\\">Button</button></gux-button>"`;

exports[`gux-button #render should render tertiary button 1`] = `"<gux-button accent=\\"tertiary\\" class=\\"hydrated\\"><!----><button type=\\"button\\" class=\\"gux-tertiary\\">Button</button></gux-button>"`;
